---
source: crates/routectl-providers/tests/legacy_capability_config_equivalence.rs
expression: body
---
{
  "anthropic_beta": [
    "context-1m-2025-08-07",
    "unlisted-beta-2099-01-01"
  ],
  "anthropic_version": "bedrock-2023-05-31",
  "diagnostics": {
    "trace_id": "abc"
  },
  "max_tokens": 64,
  "messages": [
    {
      "content": "hello",
      "role": "user"
    }
  ],
  "top_k": 40
}
