---
source: crates/routectl-cli/tests/contract_response_ingress.rs
expression: wire
---
{
  "content": [
    {
      "text": "Hello there!",
      "type": "text"
    }
  ],
  "id": "msg_end_turn_01",
  "model": "claude-3-opus",
  "role": "assistant",
  "stop_reason": "end_turn",
  "stop_sequence": null,
  "type": "message"
}
