---
source: crates/routectl-providers/tests/contract_egress_bedrock_converse.rs
assertion_line: 95
expression: body
---
{
  "additionalModelResponseFieldPaths": [
    "/stop_sequence"
  ],
  "inferenceConfig": {
    "maxTokens": 1024
  },
  "messages": [
    {
      "content": [
        {
          "text": "Hello!"
        }
      ],
      "role": "user"
    }
  ],
  "system": [
    {
      "text": "You are a helpful assistant."
    }
  ]
}
