---
source: crates/routectl-providers/tests/contract_egress_bedrock_converse.rs
expression: body
---
{
  "inferenceConfig": {
    "maxTokens": 1024
  },
  "messages": [
    {
      "content": [
        {
          "text": "What is the weather?"
        }
      ],
      "role": "user"
    }
  ],
  "toolConfig": {
    "toolChoice": {
      "tool": {
        "name": "get_weather"
      }
    },
    "tools": [
      {
        "toolSpec": {
          "description": "Get the current weather for a location",
          "inputSchema": {
            "json": {
              "properties": {
                "location": {
                  "type": "string"
                }
              },
              "required": [
                "location"
              ],
              "type": "object"
            }
          },
          "name": "get_weather"
        }
      }
    ]
  }
}
