---
source: crates/routectl-providers/tests/contract_egress_openai_responses.rs
expression: body
---
{
  "input": [
    {
      "content": [
        {
          "text": "Please review the attached document.",
          "type": "input_text"
        }
      ],
      "role": "user",
      "type": "message"
    }
  ],
  "instructions": "You are an assistant with long instructions.",
  "model": "claude-opus-4-7",
  "parallel_tool_calls": true,
  "store": false,
  "stream": false,
  "tools": [
    {
      "description": "Look up documentation",
      "name": "lookup_docs",
      "parameters": {
        "properties": {
          "query": {
            "type": "string"
          }
        },
        "type": "object"
      },
      "type": "function"
    }
  ]
}
